Skip Directory Setup, since its already done
Ready to go
=====================================
Starte Training 1
=====================================
filter from ('dy', 51718) 283 events out
filter from ('dy', 51694) 1 events out
filter from ('dy', 51685) 4 events out
filter from ('dy', 51697) 19 events out
filter from ('tt', 1200) 121 events out
filter from ('tt', 1100) 41 events out
filter from ('hh', 21101) 6 events out
calculating stats for 51001:1/17[Kcalculating stats for 51718:2/17[Kcalculating stats for 51719:3/17[Kcalculating stats for 51694:4/17[Kcalculating stats for 51661:5/17[Kcalculating stats for 51677:6/17[Kcalculating stats for 51695:7/17[Kcalculating stats for 51669:8/17[Kcalculating stats for 51685:9/17[Kcalculating stats for 51697:10/17[Kcalculating stats for 51698:11/17[Kcalculating stats for 51662:12/17[Kcalculating stats for 51678:13/17[Kcalculating stats for 1200:14/17[Kcalculating stats for 1300:15/17[Kcalculating stats for 1100:16/17[Kcalculating stats for 21101:17/17[K
=====================================
Starte Training 2
=====================================
filter from ('dy', 51718) 283 events out
filter from ('dy', 51694) 1 events out
filter from ('dy', 51685) 4 events out
filter from ('dy', 51697) 19 events out
filter from ('tt', 1200) 121 events out
filter from ('tt', 1100) 41 events out
filter from ('hh', 21101) 6 events out
calculating stats for 51001:1/17[Kcalculating stats for 51718:2/17[K